[www.utexas.edu/index.html]
[backblue.gif]
[fade.gif]
[index.html]
[www.utexas.edu/rss.xml]
[www.utexas.edu/safari-pinned-tab.svg]
[www.utexas.edu/manifest.json]
[www.utexas.edu/favicon-32x32.png]
[www.utexas.edu/favicon-16x16.png]
[www.utexas.edu/apple-touch-icon.png]
[www.utexas.edu/sites/default/files/css/css_xE-rWrJf-fncB6ztZfd2huxqgxu4WO-qwma6Xer30m4.css]
[www.utexas.edu/sites/default/files/css/css_vEGuwuitUE1Ojmq5p1pQOmn103CJanFWDySQW-yS2bM.css]
[www.utexas.edu/sites/default/files/css/css_Ocdzx3cRCPEeXp7YvxysxRfscQHwxp1Pk013DycelbQ.css]
[www.utexas.edu/sites/default/files/css/css_tPuFuY_HUSrtrt08uRWtdbk6k_1i0N781G47AzGEqts.css]
[www.utexas.edu/sites/default/files/css/css_JLt8Br4AW3qMH-kqlicO_Qn8YqYzDTL2yoEChVHnNpE.css]
[www.utexas.edu/sites/default/files/css/css_GINGAjXhXmeeu1mkHb89KAZ5vP-2AThuCrPcXQ_RBOY.css]
[www.utexas.edu/sites/default/files/js/js_skqGD_-bJjRAp8bjfSpH335pTTaQswUTeJunDNYVCxQ.js]
[www.utexas.edu/student-resources.html]
[www.utexas.edu/faculty-and-staff-resources.html]
[www.utexas.edu/alumni-resources.html]
[www.utexas.edu/visitor-resources.html]
[www.utexas.edu/apply.html]
[www.utexas.edu/about.html]
[www.utexas.edu/academics/academic-experience.html]
[www.utexas.edu/academics/areas-of-study.html]
[www.utexas.edu/sites/default/files/styles/menu_content_block/public/utexas_menu_block/admissions_menucontentblock14a7.jpg]
[www.utexas.edu/sites/default/files/styles/menu_content_block/public/utexas_menu_block/towerandstudents_menucontentblock007e.jpg]
[www.utexas.edu/campus-life/arts-and-culture.html]
[www.utexas.edu/campus-life/campus-destinations.html]
[www.utexas.edu/campus-life/entrepreneurship-and-innovation.html]
[www.utexas.edu/campus-life/health-and-wellness.html]
[www.utexas.edu/campus-life/housing-and-dining.html]
[www.utexas.edu/campus-life/life-in-austin.html]
[www.utexas.edu/campus-life/report-misconduct.html]
[www.utexas.edu/campus-life/safety-and-security.html]
[www.utexas.edu/campus-life/student-involvement.html]
[www.utexas.edu/sites/default/files/styles/menu_content_block/public/utexas_menu_block/researcher_menucontentblock23a6.jpg]
[www.utexas.edu/research/overview.html]
[www.utexas.edu/research/student-research.html]
[www.utexas.edu/research/units-and-centers.html]
[www.utexas.edu/research/off-campus-research-sites.html]
[www.utexas.edu/research/libraries.html]
[www.utexas.edu/sites/default/files/styles/menu_content_block/public/utexas_menu_block/basketballfans_menucontentblock_v3_03210.jpg]
[www.utexas.edu/athletics/overview.html]
[www.utexas.edu/sites/all/themes/utexas/assets/scroll_hint.svg]
[www.utexas.edu/sites/default/files/styles/utexas_home_hero/public/homepage_hero_images/homepage_background_image_-_sunsetcc83.jpg]
[www.utexas.edu/sites/all/themes/utexas/assets/homepage-video-poster.jpg]
[www.utexas.edu/sites/default/files/homepage-videos/homepage-video-20200113.mp4]
[www.utexas.edu/sites/all/themes/utexas/assets/descriptions.vtt]
[www.utexas.edu/sites/default/files/styles/home_story_main/public/home_highlight/greg-fenves-and-jay-hartzelle597.jpg]
[www.utexas.edu/sites/default/files/styles/home_story/public/home_highlight/student-emergency-fund7d19.jpg]
[www.utexas.edu/sites/default/files/styles/home_story/public/home_highlight/utexas-home-ventilator-from-windshield-wiper-parts3566.jpg]
[www.utexas.edu/sites/all/themes/utexas/assets/public-image_1170x1537@2x.jpg]
[www.utexas.edu/first-class-is-public.html]
[www.utexas.edu/sites/all/themes/utexas/assets/research-image_1170x1536@2x.jpg]
[www.utexas.edu/high-impact-research.html]
[www.utexas.edu/sites/all/themes/utexas/assets/health-care-image_1170x1536@2x.jpg]
[www.utexas.edu/transforming-health-care.html]
[www.utexas.edu/sites/all/themes/utexas/assets/texas-image_1170x1536@2x.jpg]
[www.utexas.edu/sites/all/themes/utexas/assets/serving-the-state.svg]
[www.utexas.edu/sites/all/themes/utexas/assets/hookem.svg]
[www.utexas.edu/creating-more-vibrant-texas.html]
[www.utexas.edu/sites/all/themes/utexas/assets/Tower-Main-Mall-Illustration-animation.svg]
[www.utexas.edu/contact-us.html]
[www.utexas.edu/fraud-waste-or-abuse.html]
[www.utexas.edu/jobs.html]
[www.utexas.edu/public-forum.html]
[www.utexas.edu/site-policies.html]
[ajax.googleapis.com/ajax/libs/jquery/1.10.2/jquery.min.js]
[www.utexas.edu/sites/all/modules/custom/utexas_admin/js/replace/backup/jquery.min.js]
[www.utexas.edu/sites/default/files/js/js_dWhBODswdXXk1M5Z5nyqNfGljmqwxUwAK9i6D0YSDNs.js]
[www.utexas.edu/sites/default/files/js/js_zk6E_FWvKA4Ku6JSXY-F0oYo3Ck75G98FoGpm7ybyds.js]
[www.utexas.edu/sites/default/files/js/js_nqYXTQqQmww0EtueD3uTrl3fcUWX07bySQWVCXsoL4k.js]
[www.utexas.edu/sites/default/files/js/js_dgTaqxMriwUc2It_FW-X18lJCasw4vEyRMclMPvs1no.js]
[www.utexas.edu/sites/default/files/js/js_-qQbMeHMwFKDo-P8VG4GAflKXHOcmge6QnFsVjii6T0.js]
[www.utexas.edu/index.html]
[www.utexas.edu/safari-pinned-tab.svg]
[www.utexas.edu/misc/throbber-inactive.png]
[www.utexas.edu/misc/throbber-active.gif]
[www.utexas.edu/misc/grippie.png]
[www.utexas.edu/misc/draggable.png]
[www.utexas.edu/misc/tree.png]
[www.utexas.edu/misc/tree-bottom.png]
[www.utexas.edu/misc/menu-expanded.png]
[www.utexas.edu/misc/menu-collapsed.png]
[www.utexas.edu/misc/menu-leaf.png]
[www.utexas.edu/misc/message-24-ok.png]
[www.utexas.edu/misc/message-24-warning.png]
[www.utexas.edu/misc/message-24-error.png]
[www.utexas.edu/misc/help.png]
[www.utexas.edu/misc/progress.gif]
[www.utexas.edu/sites/default/files/css/css_xE-rWrJf-fncB6ztZfd2huxqgxu4WO-qwma6Xer30m4.css]
[www.utexas.edu/sites/all/modules/custom/utexas_fonts/Icons/utexas_icons.eot]
[www.utexas.edu/sites/all/modules/custom/utexas_fonts/Icons/utexas_iconsd41d.eot]
[www.utexas.edu/sites/all/modules/custom/utexas_fonts/Icons/utexas_icons.ttf]
[www.utexas.edu/sites/all/modules/custom/utexas_fonts/Icons/utexas_icons.woff]
[www.utexas.edu/sites/all/modules/custom/utexas_fonts/Icons/utexas_icons.svg]
[www.utexas.edu/sites/all/themes/utexas/fonts/librefrank/librefranklin-bold-webfont.woff]
[www.utexas.edu/sites/all/themes/utexas/fonts/librefrank/librefranklin-bold-webfont.woff2]
[www.utexas.edu/sites/all/themes/utexas/fonts/librefrank/librefranklin-bold.ttf]
[www.utexas.edu/sites/all/themes/utexas/fonts/librefrank/librefranklin-italic-webfont.woff]
[www.utexas.edu/sites/all/themes/utexas/fonts/librefrank/librefranklin-italic-webfont.woff2]
[www.utexas.edu/sites/all/themes/utexas/fonts/librefrank/librefranklin-italic.ttf]
[www.utexas.edu/sites/all/themes/utexas/fonts/librefrank/librefranklin-regular-webfont.woff]
[www.utexas.edu/sites/all/themes/utexas/fonts/librefrank/librefranklin-regular-webfont.woff2]
[www.utexas.edu/sites/all/themes/utexas/fonts/librefrank/librefranklin-regular.ttf]
[www.utexas.edu/sites/all/themes/utexas/fonts/librefrank/librefranklin-medium-webfont.woff]
[www.utexas.edu/sites/all/themes/utexas/fonts/librefrank/librefranklin-medium-webfont.woff2]
[www.utexas.edu/sites/all/themes/utexas/fonts/librefrank/librefranklin-medium.ttf]
[www.utexas.edu/sites/all/themes/utexas/fonts/librefrank/librefranklin-semibold-webfont.woff]
[www.utexas.edu/sites/all/themes/utexas/fonts/librefrank/librefranklin-semibold-webfont.woff2]
[www.utexas.edu/sites/all/themes/utexas/fonts/librefrank/librefranklin-semibold.ttf]
[www.utexas.edu/sites/all/themes/utexas/fonts/librefrank/librefranklin-black-webfont.woff]
[www.utexas.edu/sites/all/themes/utexas/fonts/librefrank/librefranklin-black-webfont.woff2]
[www.utexas.edu/sites/all/themes/utexas/fonts/librefrank/librefranklin-black.ttf]
[www.utexas.edu/sites/all/themes/utexas/fonts/Icons/UT_icons.eot]
[www.utexas.edu/sites/all/themes/utexas/fonts/Icons/UT_iconsd41d.eot]
[www.utexas.edu/sites/all/themes/utexas/fonts/Icons/UT_icons.ttf]
[www.utexas.edu/sites/all/themes/utexas/fonts/Icons/UT_icons.woff]
[www.utexas.edu/sites/all/themes/utexas/fonts/Icons/UT_icons.svg]
[www.utexas.edu/sites/all/themes/utexas/img/general/logo.svg]
[www.utexas.edu/sites/all/themes/utexas/img/general/logo.png]
[www.utexas.edu/sites/all/themes/utexas/img/tweets/follow.png]
[www.utexas.edu/sites/default/files/css/css_vEGuwuitUE1Ojmq5p1pQOmn103CJanFWDySQW-yS2bM.css]
[www.utexas.edu/sites/all/modules/contrib/ctools/images/status-active.gif]
[www.utexas.edu/sites/all/themes/utexas/assets/section_2_diagonals.svg]
[www.utexas.edu/sites/all/themes/utexas/assets/texture.png]
[www.utexas.edu/sites/all/themes/utexas/assets/homepage-video-background--portrait.jpg]
[www.utexas.edu/sites/all/themes/utexas/assets/homepage-video-background.jpg]
[www.utexas.edu/sites/default/files/css/css_Ocdzx3cRCPEeXp7YvxysxRfscQHwxp1Pk013DycelbQ.css]
[p.typekit.net/p1d27.css]
[www.utexas.edu/sites/default/files/css/css_tPuFuY_HUSrtrt08uRWtdbk6k_1i0N781G47AzGEqts.css]
[www.utexas.edu/sites/default/files/css/css_JLt8Br4AW3qMH-kqlicO_Qn8YqYzDTL2yoEChVHnNpE.css]
[www.utexas.edu/sites/default/files/css/css_GINGAjXhXmeeu1mkHb89KAZ5vP-2AThuCrPcXQ_RBOY.css]
[www.utexas.edu/sites/default/files/js/js_skqGD_-bJjRAp8bjfSpH335pTTaQswUTeJunDNYVCxQ.js]
[www.utexas.edu/sites/default/files/css/css_LLUkgZe1NzbJqDdxDkGt-NZG8av8aA9KnGet29ozZt0.css]
[www.utexas.edu/sites/default/files/css/css_PIFldlL9Gq_UtL7V-krWNsYj2bBw79bsp8KSYyYLRsk.css]
[www.utexas.edu/sites/default/files/image-link/myut-3_0.gif]
[www.utexas.edu/cdn-cgi/scripts/5c5dd728/cloudflare-static/email-decode.min.js]
[www.utexas.edu/sites/default/files/js/js_nFXancf4ZDX4ml_y1G-y1lakfaway-Yk0LK4kzGmFws.js]
[www.utexas.edu/sites/default/files/js/js_UPnnOOLdS1ufY58nl0ShL9YywS4AW7W7gh8_jwl_JgA.js]
[www.utexas.edu/sites/default/files/js/js_V7zwacWIuw_lKzjL0zTbLWsjtpOWE912v72LiQSvVeQ.js]
[www.utexas.edu/student-resources.html]
[www.utexas.edu/sites/default/files/css/css_weqIvOfMwLiP3LWvys_hVo2NHD2RhgCScl8Mi0vmHNs.css]
[www.utexas.edu/faculty-and-staff-resources.html]
[www.utexas.edu/sites/default/files/css/css_Pi8XhzVgf7KDEWD4T4PjFQdlBfZXfWY98K8jMudQ_U4.css]
[www.utexas.edu/sites/default/files/styles/utexas_hero_photo_image/public/hero-photos/commencement_2013_saturday_evening_37266893f.jpg]
[www.utexas.edu/sites/default/files/styles/utexas_promo_list_image/public/hero-photos/engineering_hero4206.jpg]
[www.utexas.edu/sites/default/files/styles/utexas_promo_list_image/public/hero-photos/collegeofeducation_hero_v1397f.jpg]
[www.utexas.edu/sites/default/files/styles/utexas_promo_list_image/public/hero-photos/finearts_hero3b48.jpg]
[www.utexas.edu/sites/default/files/styles/utexas_promo_list_image/public/hero-photos/liberal_arts_header25a4.jpg]
[www.utexas.edu/sites/default/files/styles/utexas_promo_list_image/public/hero-photos/naturalsciences_hero_v347dd.jpg]
[www.utexas.edu/sites/default/files/styles/utexas_promo_list_image/public/hero-photos/pharmacylab_hero_01c30.jpg]
[www.utexas.edu/sites/default/files/styles/utexas_promo_list_image/public/graduateschool_hero_v22663.jpg]
[www.utexas.edu/sites/default/files/styles/utexas_promo_list_image/public/hero-photos/heclafoldsfieldtrip_hero_v1e67f.jpg]
[www.utexas.edu/sites/default/files/styles/utexas_promo_list_image/public/hero-photos/lbjstudents_hero_v5b6c1.jpg]
[www.utexas.edu/sites/default/files/styles/utexas_promo_list_image/public/mccombsstudents_hero_v20000.jpg]
[www.utexas.edu/sites/default/files/styles/utexas_promo_list_image/public/hero-photos/texasnewswatch_hero609e.jpg]
[www.utexas.edu/sites/default/files/styles/utexas_promo_list_image/public/hero-photos/beijingstudio_hero_087bc.jpg]
[www.utexas.edu/sites/default/files/styles/utexas_promo_list_image/public/hero-photos/informationstudent_hero_v2d160.jpg]
[www.utexas.edu/sites/default/files/styles/utexas_promo_list_image/public/hero-photos/lawclass_hero02c0.jpg]
[www.utexas.edu/sites/default/files/styles/utexas_promo_list_image/public/hero-photos/nursinglab_herobd94.jpg]
[www.utexas.edu/sites/default/files/styles/utexas_promo_list_image/public/socialworkstudents_hero_v3f6cc.jpg]
[www.utexas.edu/alumni-resources.html]
[www.utexas.edu/sites/default/files/css/css_sZvXMicrVBlKvNjuN9KxBVwAt5-vLD9R9rMPHsD1ERQ.css]
[www.utexas.edu/sites/default/files/styles/utexas_hero_photo_image/public/hero-photos/visitorcenter_hero0c64.jpg]
[www.utexas.edu/visitor-resources.html]
[www.utexas.edu/directory/index.html]
[www.utexas.edu/sites/default/files/css/css_A707yLOM6BxAdXZs-AcVlpVHxxicuEIH-7sQ1vS0yhI.css]
[www.utexas.edu/apply.html]
[www.utexas.edu/sites/default/files/css/css_xdNp8KwzYhq7Oc9gOWMycSGVrxiQGiGOQSv8eNF75VE.css]
[www.utexas.edu/about/mission-and-values.html]
[www.utexas.edu/sites/default/files/ut-about-president-fenves.jpg]
[www.utexas.edu/about/leadership.html]
[www.utexas.edu/sites/default/files/ut-about-barbara-jordan-statue.jpg]
[www.utexas.edu/about/diversity.html]
[www.utexas.edu/sites/default/files/ut-about-global-mexico-student.jpg]
[www.utexas.edu/about/facts-and-figures.html]
[www.utexas.edu/sites/default/files/factsfig-14-burntorange.png]
[www.utexas.edu/sites/default/files/ut-about-tower-construction.jpg]
[www.utexas.edu/about/history.html]
[www.utexas.edu/sites/default/files/ut-about-bevo.jpg]
[www.utexas.edu/about/longhorn-traditions.html]
[www.utexas.edu/about.html]
[www.utexas.edu/sites/default/files/css/css_cB4U_qWg1qELE9Zb6WPeLD-hvDz4VjeLPZ3DOJWFhHU.css]
[www.utexas.edu/sites/default/files/styles/utexas_hero_photo_image/public/hero-photos/philosophyclass_hero749c.jpg]
[www.utexas.edu/sites/default/files/styles/utexas_promo_unit_landscape_image/public/flex-content-areas/commencement_flexcontent8650.jpg]
[www.utexas.edu/sites/default/files/styles/utexas_promo_unit_landscape_image/public/promo-images/undergraduate_promounit139f.jpg]
[www.utexas.edu/sites/default/files/styles/utexas_promo_unit_landscape_image/public/promo-images/socialworkclass_promounit_261d1.jpg]
[www.utexas.edu/sites/default/files/styles/utexas_promo_unit_landscape_image/public/promo-images/experientiallearning_promounit_0a130.jpg]
[www.utexas.edu/sites/default/files/styles/utexas_flex_content_area_image/public/flex-content-areas/barcelona_studyabroadef11.jpg]
[www.utexas.edu/sites/default/files/styles/utexas_flex_content_area_image/public/flex-content-areas/sangerlearningcenter_flexcontent8af6.jpg]
[www.utexas.edu/academics/academic-experience.html]
[www.utexas.edu/sites/default/files/css/css_DB7WGmTb_KKm-LN47cW_4RWhxim0pjH9xfBWAr9rAWc.css]
[www.utexas.edu/sites/default/files/styles/utexas_promo_unit_landscape_image/public/promo-images/undergradstudents_promounit1755.jpg]
[www.utexas.edu/sites/default/files/styles/utexas_promo_unit_landscape_image/public/promo-images/smallclass_promounitaa17.jpg]
[www.utexas.edu/sites/default/files/styles/utexas_promo_unit_landscape_image/public/promo-images/lawclass_promounit_0ebd7.jpg]
[www.utexas.edu/sites/default/files/styles/utexas_promo_unit_landscape_image/public/dellmed_promounit_v292fd.jpg]
[www.utexas.edu/sites/default/files/styles/utexas_flex_content_area_image/public/flex-content-areas/bonavecclass_flexcontentc212.jpg]
[www.utexas.edu/sites/default/files/styles/utexas_flex_content_area_image/public/flex-content-areas/graduatestudents_flexcontentfc6c.jpg]
[www.utexas.edu/academics/areas-of-study.html]
[www.utexas.edu/sites/default/files/css/css_dRJ80-JfviZmqSSvCh3gBnzXzxRLgFKUKvgbKFXZL_Y.css]
[www.utexas.edu/sites/default/files/styles/utexas_hero_photo_image/public/hero-photos/davidellisatvac_heroab65.jpg]
[www.utexas.edu/sites/default/files/styles/utexas_promo_unit_landscape_image/public/promo-images/texasperformingarts_promounit80e3.jpg]
[www.utexas.edu/sites/default/files/styles/utexas_promo_unit_landscape_image/public/promo-images/leralynnatkutx_promounit9e92.jpg]
[www.utexas.edu/sites/default/files/styles/utexas_promo_unit_landscape_image/public/promo-images/nrityasangam_promounite824.jpg]
[www.utexas.edu/sites/default/files/styles/utexas_promo_unit_landscape_image/public/promo-images/thecolorinside_promounitdd95.jpg]
[www.utexas.edu/sites/default/files/styles/utexas_promo_unit_landscape_image/public/promo-images/shakespeareoutdoors_promounitf09a.jpg]
[www.utexas.edu/sites/default/files/styles/utexas_flex_content_area_image/public/flex-content-areas/prometheusandvulture_flexcontente02f.jpg]
[www.utexas.edu/sites/default/files/styles/utexas_flex_content_area_image/public/flex-content-areas/batesrecitalhall_flexcontentd2a0.jpg]
[pbs.twimg.com/profile_images/975754136288354306/6m-rOkD3_normal.jpg]
[pbs.twimg.com/profile_images/975784024885964800/JrLh7Snb_normal.jpg]
[pbs.twimg.com/profile_images/598593068116279296/UxOUTGzB_normal.png]
[www.utexas.edu/campus-life/arts-and-culture.html]
[www.utexas.edu/sites/default/files/styles/utexas_flex_content_area_image/public/flex-content-areas/blantonmuseum_flexcontent9b0b.jpg]
[www.utexas.edu/sites/default/files/styles/utexas_flex_content_area_image/public/flex-content-areas/woodandwireatcactus_flexcontentb8fe.jpg]
[www.utexas.edu/sites/default/files/styles/utexas_flex_content_area_image/public/flex-content-areas/darrellkroyaltexasmemorialstadium_flexcontentba0f.jpg]
[www.utexas.edu/sites/default/files/styles/utexas_flex_content_area_image/public/flex-content-areas/briscoecenter_flexcontent0b84.jpg]
[www.utexas.edu/sites/default/files/styles/utexas_flex_content_area_image/public/flex-content-areas/frankerwincenter_flexcontent3d87.jpg]
[www.utexas.edu/sites/default/files/styles/utexas_flex_content_area_image/public/flex-content-areas/aquaticcomplex_flexcontentedbd.jpg]
[www.utexas.edu/sites/default/files/styles/utexas_flex_content_area_image/public/flex-content-areas/harryransomcenter_flexcontentfeaa.jpg]
[www.utexas.edu/sites/default/files/styles/utexas_flex_content_area_image/public/flex-content-areas/lbjlibrary_flexcontent18ba.jpg]
[www.utexas.edu/sites/default/files/styles/utexas_flex_content_area_image/public/flex-content-areas/starkcenter_flexcontent804b.jpg]
[www.utexas.edu/sites/default/files/styles/utexas_flex_content_area_image/public/flex-content-areas/studentactivitycenter_flexcontent_03f97.jpg]
[www.utexas.edu/sites/default/files/styles/utexas_flex_content_area_image/public/flex-content-areas/texasmemorialmuseum_flexcontent09a6.jpg]
[www.utexas.edu/sites/default/files/styles/utexas_flex_content_area_image/public/flex-content-areas/texasunion_flexcontent_0e3a1.jpg]
[www.utexas.edu/sites/default/files/styles/utexas_flex_content_area_image/public/flex-content-areas/tower_flexcontent_0cb3c.jpg]
[www.utexas.edu/sites/default/files/styles/utexas_flex_content_area_image/public/flex-content-areas/michaelsiebenatvac_flexcontentdf2e.jpg]
[pbs.twimg.com/profile_images/1148246043634651139/xDMDH5YD_normal.png]
[pbs.twimg.com/profile_images/963191110192549888/JwrDSpuM_normal.jpg]
[pbs.twimg.com/profile_images/1082350525528428544/-OkfPUFc_normal.jpg]
[www.utexas.edu/campus-life/campus-destinations.html]
[www.utexas.edu/sites/default/files/css/css_5K83A3ew5ic9T3AboEZAo0-Mmf44qCiBnOzLvs0UPOE.css]
[www.utexas.edu/sites/default/files/styles/utexas_hero_photo_image/public/hero-photos/demoday_hero62de.jpg]
[www.utexas.edu/sites/default/files/styles/utexas_promo_unit_landscape_image/public/promo-images/longhornstartup_promounit_0dbd7.jpg]
[www.utexas.edu/sites/default/files/styles/utexas_promo_unit_landscape_image/public/promo-images/ati_promounit_0486d.jpg]
[www.utexas.edu/sites/default/files/styles/utexas_promo_unit_landscape_image/public/promo-images/ic2building_promounitd849.jpg]
[www.utexas.edu/sites/default/files/styles/utexas_promo_unit_landscape_image/public/promo-images/officehours_promounit8f4a.jpg]
[www.utexas.edu/sites/default/files/styles/utexas_promo_unit_landscape_image/public/promo-images/otc_promounitb2a9.jpg]
[pbs.twimg.com/profile_images/1121850290062417920/zCpmHp4Q_normal.png]
[www.utexas.edu/campus-life/entrepreneurship-and-innovation.html]
[www.utexas.edu/sites/default/files/css/css_-A4T752bX9nodNR-76Pfiur7PGRtzOYDTWXbJBzR2Is.css]
[www.utexas.edu/sites/default/files/styles/utexas_hero_photo_image/public/hero-photos/fortyacrespharmacystudentworkers_hero4a8b.jpg]
[www.utexas.edu/sites/default/files/styles/utexas_flex_content_area_image/public/flex-content-areas/uhs_flexcontent7226.jpg]
[www.utexas.edu/sites/default/files/styles/utexas_flex_content_area_image/public/flex-content-areas/cmhc_flexcontentda2f.jpg]
[www.utexas.edu/sites/default/files/styles/utexas_flex_content_area_image/public/flex-content-areas/mainmallwithstudents_flexcontentd3f6.jpg]
[www.utexas.edu/sites/default/files/styles/utexas_flex_content_area_image/public/flex-content-areas/fortyacrespharmacy_flexcontentd9e3.jpg]
[www.utexas.edu/sites/default/files/styles/utexas_flex_content_area_image/public/flex-content-areas/farmtowork_flexcontent526d.jpg]
[www.utexas.edu/sites/default/files/styles/utexas_flex_content_area_image/public/flex-content-areas/cyclingclassc0be.png]
[pbs.twimg.com/profile_images/993835147932917760/7sk-oglH_normal.jpg]
[pbs.twimg.com/profile_images/1189204176364101632/4SsFGA6I_normal.jpg]
[pbs.twimg.com/profile_images/817113786960072704/tux5RY18_normal.jpg]
[pbs.twimg.com/profile_images/466967088356012032/IcnSMU55_normal.jpg]
[www.utexas.edu/campus-life/health-and-wellness.html]
[www.utexas.edu/sites/default/files/css/css_6IJgojOsdR3bFY0GJov53CvW7Q11rMV8yqj2H00KSpI.css]
[www.utexas.edu/sites/default/files/styles/utexas_hero_photo_image/public/hero-photos/studyingindorm_hero54f6.jpg]
[www.utexas.edu/sites/default/files/styles/utexas_flex_content_area_image/public/flex-content-areas/residencehalls_flexcontent9dc0.jpg]
[www.utexas.edu/sites/default/files/styles/utexas_flex_content_area_image/public/flex-content-areas/kinsolving_flexcontented2a.jpg]
[www.utexas.edu/sites/default/files/styles/utexas_flex_content_area_image/public/flex-content-areas/gatewayapartments_flexcontent8662.jpg]
[www.utexas.edu/sites/default/files/styles/utexas_flex_content_area_image/public/flex-content-areas/bevobucks_flexcontent4c7b.jpg]
[pbs.twimg.com/profile_images/1002268075054395393/n_AXkek7_normal.jpg]
[www.utexas.edu/campus-life/housing-and-dining.html]
[www.utexas.edu/sites/default/files/styles/utexas_hero_photo_image/public/hero-photos/austin_hero031a.jpg]
[www.utexas.edu/sites/default/files/styles/utexas_flex_content_area_image/public/flex-content-areas/mapjam_flexcontent8a29.jpg]
[www.utexas.edu/sites/default/files/styles/utexas_flex_content_area_image/public/flex-content-areas/greenbelt_flexcontent333d.jpg]
[www.utexas.edu/sites/default/files/styles/utexas_flex_content_area_image/public/flex-content-areas/downtownwithflag_flexcontentae1b.jpg]
[www.utexas.edu/sites/default/files/styles/utexas_flex_content_area_image/public/flex-content-areas/downtownaustinfromsouthcongress_flexcontent_03815.jpg]
[www.utexas.edu/campus-life/life-in-austin.html]
[www.utexas.edu/cdn-cgi/l/email-protection.html]
[www.utexas.edu/campus-life/report-misconduct.html]
[www.utexas.edu/sites/default/files/css/css_mVRYrzhD5oBBkqkuLIGLiT5-npRf4qhZNFfPIn67uSg.css]
[www.utexas.edu/sites/default/files/styles/utexas_hero_photo_image/public/hero-photos/utpdonmainmall_hero1898.jpg]
[www.utexas.edu/campus-life/safety-and-security.html]
[www.utexas.edu/sites/default/files/css/css_sigNsj2Z0-9mD15uToAIZmXoAkjV7WCbp-gOKEzpG_Q.css]
[www.utexas.edu/sites/default/files/styles/utexas_hero_photo_image/public/hero-photos/kioskwithflyers_hero3133.jpg]
[www.utexas.edu/sites/default/files/styles/utexas_promo_unit_landscape_image/public/promo-images/hornslink_promounit8e80.jpg]
[www.utexas.edu/sites/default/files/styles/utexas_promo_unit_landscape_image/public/promo-images/partyontheplaza_promounit9527.jpg]
[www.utexas.edu/sites/default/files/styles/utexas_promo_unit_landscape_image/public/promo-images/senate_promounit_0525e.jpg]
[www.utexas.edu/sites/default/files/styles/utexas_promo_unit_landscape_image/public/promo-images/texasgreeks_promounit_075eb.jpg]
[www.utexas.edu/sites/default/files/styles/utexas_promo_unit_landscape_image/public/promo-images/fortyacresfest_promounit2ac8.jpg]
[www.utexas.edu/sites/default/files/styles/utexas_flex_content_area_image/public/flex-content-areas/climbingwall_flexcontentd689.jpg]
[www.utexas.edu/sites/default/files/styles/utexas_flex_content_area_image/public/flex-content-areas/dailytexan_flexcontente862.jpg]
[pbs.twimg.com/profile_images/1032722274736988160/cLDw-a52_normal.jpg]
[pbs.twimg.com/profile_images/763790405431205889/0Afc7wpt_normal.jpg]
[pbs.twimg.com/profile_images/1002222654399508480/8ubV90Re_normal.jpg]
[www.utexas.edu/campus-life/student-involvement.html]
[www.utexas.edu/sites/default/files/styles/utexas_hero_photo_image/public/hero-photos/degraffenriedlab_hero7b3c.jpg]
[www.utexas.edu/sites/default/files/styles/utexas_promo_unit_landscape_image/public/promo-images/researchshowcase_promounitef87.jpg]
[www.utexas.edu/sites/default/files/styles/utexas_promo_unit_landscape_image/public/promo-images/pharmacylab_promounit_09b31.jpg]
[www.utexas.edu/sites/default/files/styles/utexas_promo_unit_landscape_image/public/promo-images/vislab_promounit9248.jpg]
[www.utexas.edu/sites/default/files/styles/utexas_promo_unit_landscape_image/public/promo-images/postdoctoralresources_promounit0d4e.jpg]
[www.utexas.edu/sites/default/files/styles/utexas_flex_content_area_image/public/flex-content-areas/nobelprizemedal_flexcontent_0e3d2.jpg]
[www.utexas.edu/sites/default/files/styles/utexas_flex_content_area_image/public/flex-content-areas/mcdevittlab_flexcontent18ab.jpg]
[www.utexas.edu/research/overview.html]
[www.utexas.edu/sites/default/files/styles/utexas_hero_photo_image/public/hero-photos/studentresearch_hero_00f68.jpg]
[www.utexas.edu/sites/default/files/styles/utexas_promo_unit_landscape_image/public/promo-images/undergradresearch_promounit1c5d.jpg]
[www.utexas.edu/sites/default/files/styles/utexas_promo_unit_landscape_image/public/promo-images/eureka_promounit_00b24.jpg]
[www.utexas.edu/sites/default/files/styles/utexas_promo_unit_landscape_image/public/promo-images/researchjournals_promounit7c8a.jpg]
[www.utexas.edu/sites/default/files/styles/utexas_promo_unit_landscape_image/public/promo-images/researchweek_promounit_07b14.jpg]
[www.utexas.edu/sites/default/files/styles/utexas_promo_unit_landscape_image/public/promo-images/fri_promounit579c.jpg]
[www.utexas.edu/sites/default/files/styles/utexas_flex_content_area_image/public/flex-content-areas/graduateresearch_flexcontentb452.jpg]
[www.utexas.edu/research/student-research.html]
[www.utexas.edu/sites/default/files/styles/utexas_hero_photo_image/public/hero-photos/acesvislab_hero6688.jpg]
[www.utexas.edu/sites/default/files/styles/utexas_flex_content_area_image/public/flex-content-areas/artificiallung_flexcontentf1de.jpg]
[www.utexas.edu/sites/default/files/styles/utexas_flex_content_area_image/public/flex-content-areas/mcdevittlab_promounit_v2e8c8.jpg]
[www.utexas.edu/research/units-and-centers.html]
[www.utexas.edu/sites/default/files/styles/utexas_hero_photo_image/public/hero-photos/smithtelescope_hero04cb.jpg]
[www.utexas.edu/sites/default/files/styles/utexas_promo_unit_landscape_image/public/promo-images/stengl_promounitf426.jpg]
[www.utexas.edu/sites/default/files/styles/utexas_promo_unit_landscape_image/public/promo-images/cgie_promounit_09ad3.jpg]
[www.utexas.edu/sites/default/files/styles/utexas_promo_unit_landscape_image/public/promo-images/wildflowercenter_promounit64fd.jpg]
[www.utexas.edu/sites/default/files/styles/utexas_promo_unit_landscape_image/public/promo-images/mcdonaldobservatory_promounit7d0d.jpg]
[www.utexas.edu/sites/default/files/styles/utexas_promo_unit_landscape_image/public/promo-images/marinescienceinstitute_promounit7144.jpg]
[www.utexas.edu/research/off-campus-research-sites.html]
[www.utexas.edu/sites/default/files/css/css_hVELXqfkmsU7_PttS3UwYQ3J7t-hGU9AuQsCDTkyAEA.css]
[www.utexas.edu/sites/default/files/styles/utexas_promo_unit_landscape_image/public/promo-images/architectureandplanninglibrary_promounit28db.jpg]
[www.utexas.edu/sites/default/files/styles/utexas_promo_unit_landscape_image/public/promo-images/bensoncollection_promounit_1cca7.jpg]
[www.utexas.edu/sites/default/files/styles/utexas_promo_unit_landscape_image/public/promo-images/classicslibrary_promounit_00479.jpg]
[www.utexas.edu/sites/default/files/styles/utexas_promo_unit_landscape_image/public/promo-images/fineartslibrary_promounitf4fa.jpg]
[www.utexas.edu/sites/default/files/styles/utexas_promo_unit_landscape_image/public/promo-images/hrdi_promounit0c67.jpg]
[www.utexas.edu/sites/default/files/styles/utexas_promo_unit_landscape_image/public/promo-images/pma_promounit9012.jpg]
[www.utexas.edu/sites/default/files/styles/utexas_promo_unit_landscape_image/public/promo-images/lifesciencelibrary_promounit_0e220.jpg]
[www.utexas.edu/sites/default/files/styles/utexas_promo_unit_landscape_image/public/promo-images/chemistrylibrary_promounit0d22.jpg]
[www.utexas.edu/sites/default/files/styles/utexas_promo_unit_landscape_image/public/promo-images/marinesciencelibrary_promounite06e.jpg]
[www.utexas.edu/sites/default/files/styles/utexas_promo_unit_landscape_image/public/promo-images/engineeringlibrary_promounitebfe.jpg]
[www.utexas.edu/sites/default/files/styles/utexas_promo_unit_landscape_image/public/promo-images/pcl_promounit_07cfb.jpg]
[www.utexas.edu/sites/default/files/styles/utexas_promo_unit_landscape_image/public/promo-images/studentoncomputer_promounit1cf4.jpg]
[www.utexas.edu/sites/default/files/styles/utexas_promo_unit_landscape_image/public/promo-images/geologylibrary_promounit3cfa.jpg]
[www.utexas.edu/sites/default/files/styles/utexas_promo_list_image/public/flex-content-areas/briscoecenter_flexcontent6451.jpg]
[www.utexas.edu/sites/default/files/styles/utexas_promo_list_image/public/flex-content-areas/starkcenter_flexcontentc250.jpg]
[www.utexas.edu/sites/default/files/styles/utexas_promo_list_image/public/flex-content-areas/harryransomcenter_flexcontent0c84.jpg]
[www.utexas.edu/sites/default/files/styles/utexas_promo_list_image/public/flex-content-areas/lbjlibrary_flexcontentbebd.jpg]
[www.utexas.edu/sites/default/files/styles/utexas_promo_list_image/public/promo-lists/tarltonlawlibrary_promolist3a6e.jpg]
[www.utexas.edu/sites/default/files/styles/utexas_promo_list_image/public/promo-lists/studentsonlaptops_promolistb972.jpg]
[pbs.twimg.com/profile_images/993477829579882497/W4qIDUgJ_normal.jpg]
[www.utexas.edu/research/libraries.html]
[www.utexas.edu/sites/default/files/styles/utexas_hero_photo_image/public/cheerflags_hero0c72.jpg]
[www.utexas.edu/sites/default/files/styles/utexas_promo_unit_landscape_image/public/volleyballcelebration_promounit_v2ed50.jpg]
[www.utexas.edu/sites/default/files/styles/utexas_promo_unit_landscape_image/public/flex-content-areas/bigbertha_flexcontent99ad.jpg]
[www.utexas.edu/sites/default/files/styles/utexas_promo_unit_landscape_image/public/thompsonbrowngraduation_promounit_v306df.jpg]
[www.utexas.edu/sites/default/files/styles/utexas_flex_content_area_image/public/studentsection_flexcontent_v2256d.jpg]
[www.utexas.edu/sites/default/files/styles/utexas_flex_content_area_image/public/gayleinterviewlhn_flexcontent_v2_0d09c.jpg]
[www.utexas.edu/athletics/overview.html]
[www.utexas.edu/sites/all/themes/utexas/assets/scroll_hint.svg]
[www.utexas.edu/sites/default/files/css/css_Wu8npAzy16WmnnnWKxpexfgsAryolGGaX6yO3GWA5bU.css]
[www.utexas.edu/sites/default/files/styles/utexas_hero_full_mobile/public/hero-full/differentiator-first_class382da.jpg]
[www.utexas.edu/sites/default/files/styles/utexas_hero_full_tablet/public/hero-full/differentiator-first_class3c78f.jpg]
[www.utexas.edu/sites/default/files/styles/utexas_hero_full_desktop/public/hero-full/differentiator-first_class30563.jpg]
[www.utexas.edu/sites/default/files/css/css_HJk2sp2TJCMWnLUOqHy52QCfHN0b9eySfwD341MHMDY.css]
[www.utexas.edu/sites/default/files/work-study.png]
[www.utexas.edu/sites/default/files/promo-images/security_institutions_and_technology_d.jpg]
[www.utexas.edu/sites/default/files/flex-content-areas/finaid_scholarships.png]
[www.utexas.edu/sites/default/files/flex-content-areas/ut_support_at_supreme_court.jpg]
[www.utexas.edu/sites/default/files/styles/utexas_promo_unit_landscape_image/public/promo-images/finaid-costs-hero-220x140acf7.jpg]
[www.utexas.edu/sites/default/files/styles/utexas_promo_unit_landscape_image/public/promo-images/plan2honorsc056.jpg]
[www.utexas.edu/sites/default/files/styles/utexas_promo_unit_landscape_image/public/promo-images/firstgen_group_ut-color-1920wbd25.jpg]
[www.utexas.edu/sites/all/themes/utexas/assets/pillar-navigation-tiles/public-tile.jpg]
[www.utexas.edu/sites/all/themes/utexas/assets/pillar-navigation-tiles/research-tile.jpg]
[www.utexas.edu/sites/all/themes/utexas/assets/pillar-navigation-tiles/health-care-tile.jpg]
[www.utexas.edu/sites/all/themes/utexas/assets/pillar-navigation-tiles/texas-tile.jpg]
[www.utexas.edu/first-class-is-public.html]
[www.utexas.edu/sites/default/files/js/js_wrsUnUJeTsYsGM8i3riiTpcj8VAFvNxdmdZKMwxF31s.js]
[www.utexas.edu/sites/default/files/styles/utexas_hero_full_mobile/public/hero-full/differentiator-research1e73c.jpg]
[www.utexas.edu/sites/default/files/styles/utexas_hero_full_tablet/public/hero-full/differentiator-research10e38.jpg]
[www.utexas.edu/sites/default/files/styles/utexas_hero_full_desktop/public/hero-full/differentiator-research1d843.jpg]
[www.utexas.edu/sites/default/files/flex-content-areas/ut_mcdonald_observatory_giant_magellan_telescope.jpg]
[www.utexas.edu/sites/default/files/big_science_big_data.jpg]
[www.utexas.edu/sites/default/files/human_0.jpg]
[www.utexas.edu/sites/default/files/styles/utexas_promo_unit_landscape_image/public/promo-images/cns-fricdd8.jpg]
[www.utexas.edu/sites/default/files/styles/utexas_promo_unit_landscape_image/public/promo-images/taccf14f.jpg]
[www.utexas.edu/high-impact-research.html]
[www.utexas.edu/sites/default/files/styles/utexas_hero_full_mobile/public/hero-full/differentiator-health_care2cd21.jpg]
[www.utexas.edu/sites/default/files/styles/utexas_hero_full_tablet/public/hero-full/differentiator-health_care2a74d.jpg]
[www.utexas.edu/sites/default/files/styles/utexas_hero_full_desktop/public/hero-full/differentiator-health_care2d2b7.jpg]
[www.utexas.edu/sites/default/files/a-new-chapter.jpg]
[www.utexas.edu/sites/default/files/collaboration_map.jpg]
[www.utexas.edu/sites/default/files/styles/utexas_promo_unit_landscape_image/public/promo-images/tim-support_hlb_exterior_dsc_43002x5b55.png]
[www.utexas.edu/sites/default/files/styles/utexas_promo_unit_landscape_image/public/promo-images/jim_allison2x67ae.png]
[www.utexas.edu/sites/default/files/styles/utexas_promo_unit_landscape_image/public/promo-images/livia-eberlin8cdc.jpg]
[www.utexas.edu/transforming-health-care.html]
[www.utexas.edu/sites/all/themes/utexas/assets/serving-the-state.svg]
[www.utexas.edu/sites/all/themes/utexas/assets/hookem.svg]
[www.utexas.edu/sites/default/files/styles/utexas_hero_full_mobile/public/hero-full/differentiator-vibrant_texas16506.jpg]
[www.utexas.edu/sites/default/files/styles/utexas_hero_full_tablet/public/hero-full/differentiator-vibrant_texas1c4fc.jpg]
[www.utexas.edu/sites/default/files/styles/utexas_hero_full_desktop/public/hero-full/differentiator-vibrant_texas1601c.jpg]
[www.utexas.edu/sites/default/files/commitment-to-texas.jpg]
[www.utexas.edu/sites/default/files/planet-texas-2050.jpg]
[www.utexas.edu/sites/default/files/excellence-in-k12.jpg]
[www.utexas.edu/sites/default/files/unique-state.jpg]
[www.utexas.edu/sites/default/files/cultural-scientific-crossroads.jpg]
[www.utexas.edu/sites/default/files/we-make-texas-proud.jpg]
[www.utexas.edu/sites/default/files/styles/utexas_promo_unit_landscape_image/public/promo-images/8fb48238c5404e2c20fe1f05839732402x27fa.png]
[www.utexas.edu/sites/default/files/styles/utexas_promo_unit_landscape_image/public/promo-images/1a34a2f4e481a20df9f7f9f895dde5cd2x2564.png]
[www.utexas.edu/sites/default/files/styles/utexas_promo_unit_landscape_image/public/promo-images/scholarships-bannera645.jpg]
[www.utexas.edu/creating-more-vibrant-texas.html]
[www.utexas.edu/sites/all/themes/utexas/assets/Tower-Main-Mall-Illustration-animation.svg]
[www.utexas.edu/sites/default/files/css/css_DHqkh7lOQCLF06v-s_ZXLdlOBaFldpZVIqyhaE9AN9M.css]
[www.utexas.edu/sites/default/files/styles/utexas_hero_photo_image/public/tower_hero_v2cd4e.jpg]
[www.utexas.edu/contact-us.html]
[www.utexas.edu/sites/default/files/css/css_X4-XvfH9MyOAnrSQPjmLspYzrmgSloWkam3LjynjL5s.css]
[www.utexas.edu/sites/default/files/styles/utexas_hero_photo_image/public/hero-photos/mainbuildingcolumns_hero76c9.jpg]
[www.utexas.edu/fraud-waste-or-abuse.html]
[www.utexas.edu/sites/default/files/styles/utexas_hero_photo_image/public/hero-photos/jobs_herod39c.jpg]
[www.utexas.edu/sites/default/files/styles/utexas_flex_content_area_image/public/flex-content-areas/facultylecture_flexcontent4b7a.jpg]
[www.utexas.edu/sites/default/files/styles/utexas_flex_content_area_image/public/flex-content-areas/meeting_kut6a78.jpg]
[www.utexas.edu/sites/default/files/styles/utexas_flex_content_area_image/public/flex-content-areas/150203_40for40fundraising_flexcontentareaf440.jpg]
[www.utexas.edu/jobs.html]
[www.utexas.edu/public-forum.html]
[www.utexas.edu/sites/default/files/styles/utexas_hero_photo_image/public/hero-photos/tower_hero_21f1b.jpg]
[www.utexas.edu/about-this-site.html]
[www.utexas.edu/compact-with-texans.html]
[www.utexas.edu/site-policies.html]
[www.utexas.edu/sites/all/modules/custom/utexas_admin/js/replace/backup/jquery.min.js]
[www.utexas.edu/sites/default/files/js/js_dWhBODswdXXk1M5Z5nyqNfGljmqwxUwAK9i6D0YSDNs.js]
[www.utexas.edu/sites/default/files/js/js_zk6E_FWvKA4Ku6JSXY-F0oYo3Ck75G98FoGpm7ybyds.js]
[www.utexas.edu/sites/default/files/js/js_nqYXTQqQmww0EtueD3uTrl3fcUWX07bySQWVCXsoL4k.js]
[www.utexas.edu/sites/default/files/js/js_dgTaqxMriwUc2It_FW-X18lJCasw4vEyRMclMPvs1no.js]
[www.utexas.edu/sites/default/files/js/js_-qQbMeHMwFKDo-P8VG4GAflKXHOcmge6QnFsVjii6T0.js]
[www.googletagmanager.com/gtm5445.html]
[www.utexas.edu/sites/all/modules/custom/utexas_fonts/Icons/utexas_icons.svg]
[www.utexas.edu/sites/all/themes/utexas/fonts/librefrank/librefranklin-black.html]
[www.utexas.edu/sites/all/themes/utexas/fonts/Icons/UT_icons.svg]
[www.utexas.edu/sites/all/themes/utexas/img/general/logo.svg]
[www.utexas.edu/sites/all/themes/utexas/assets/section_2_diagonals.svg]
[www.utexas.edu/sites/default/files/css/css_LLUkgZe1NzbJqDdxDkGt-NZG8av8aA9KnGet29ozZt0.css]
[www.utexas.edu/sites/all/themes/utexas/img/give/starburst.png]
[www.utexas.edu/sites/all/themes/utexas/img/give/tower.png]
[www.utexas.edu/sites/default/files/css/css_PIFldlL9Gq_UtL7V-krWNsYj2bBw79bsp8KSYyYLRsk.css]
[www.utexas.edu/tuition/index.html]
[www.utexas.edu/police/index.html]
[www.utexas.edu/childcenter/index.html]
[www.utexas.edu/parking/index.html]
[www.utexas.edu/tsm/index.html]
[www.utexas.edu/sites/default/files/js/js_nFXancf4ZDX4ml_y1G-y1lakfaway-Yk0LK4kzGmFws.js]
[www.utexas.edu/sites/default/files/js/js_UPnnOOLdS1ufY58nl0ShL9YywS4AW7W7gh8_jwl_JgA.js]
[www.utexas.edu/sites/default/files/js/js_V7zwacWIuw_lKzjL0zTbLWsjtpOWE912v72LiQSvVeQ.js]
[www.utexas.edu/sites/default/files/css/css_weqIvOfMwLiP3LWvys_hVo2NHD2RhgCScl8Mi0vmHNs.css]
[www.utexas.edu/faculty/council/index.html]
[www.utexas.edu/faculty/council/ombuds/index.html]
[www.utexas.edu/staff/council/index.html]
[www.utexas.edu/careersmart/index.html]
[www.utexas.edu/hr/current/services/dispute/index.html]
[www.utexas.edu/hr/current/leave/index.html]
[www.utexas.edu/hr/current/new/index.html]
[www.utexas.edu/staff/aaafsa/index.html]
[www.utexas.edu/staff/hfsa/index.html]
[www.utexas.edu/staff/pefsa/index.html]
[www.utexas.edu/cio/policies/index.html]
[www.utexas.edu/research/index.html]
[www.utexas.edu/compliance/index.html]
[www.utexas.edu/payroll/index.html]
[www.utexas.edu/facilities/FSC/index.html]
[www.utexas.edu/hr/current/services/index.html]
[www.utexas.edu/sites/default/files/css/css_Pi8XhzVgf7KDEWD4T4PjFQdlBfZXfWY98K8jMudQ_U4.css]
[www.utexas.edu/ogs/alumni/index.html]
[www.utexas.edu/sites/default/files/css/css_sZvXMicrVBlKvNjuN9KxBVwAt5-vLD9R9rMPHsD1ERQ.css]
[www.utexas.edu/parking/parking/visitor/index.html]
[www.utexas.edu/parking/bike/index.html]
[www.utexas.edu/parking/transportation/walking/index.html]
[www.utexas.edu/sites/default/files/css/css_A707yLOM6BxAdXZs-AcVlpVHxxicuEIH-7sQ1vS0yhI.css]
[www.utexas.edu/sites/default/files/css/css_xdNp8KwzYhq7Oc9gOWMycSGVrxiQGiGOQSv8eNF75VE.css]
[www.utexas.edu/sites/default/files/css/css_bi8q_X2h09r9lTIBNO9_lPsiBtmkHI_SBZLyLTlmnFo.css]
[www.utexas.edu/sites/default/files/styles/utexas_hero_photo_image/public/hero-photos/utseal_heroe91a.jpg]
[www.utexas.edu/about/mission-and-values.html]
[www.utexas.edu/sites/default/files/greg_fenves.jpg]
[www.utexas.edu/sites/default/files/maurie_mcinnis.jpg]
[www.utexas.edu/sites/default/files/darrell-bazzell.jpg]
[www.utexas.edu/sites/default/files/styles/utexas_promo_list_image/public/promo-lists/chris-del-conte-square.jpg]
[www.utexas.edu/sites/default/files/scott-rabenold170.jpg]
[www.utexas.edu/sites/default/files/styles/utexas_promo_list_image/public/promo-lists/moore-leonard-cropped.png]
[www.utexas.edu/sites/default/files/styles/utexas_promo_list_image/public/promo-lists/davis-james-85x85.png]
[www.utexas.edu/sites/default/files/clay_johnston.jpg]
[www.utexas.edu/sites/default/files/daniel_jaffe.jpg]
[www.utexas.edu/sites/default/files/soncia-reaginslilly.png]
[www.utexas.edu/sites/default/files/styles/utexas_promo_list_image/public/promo-lists/nancybrazzil_promolist_0.jpg]
[www.utexas.edu/sites/default/files/styles/utexas_promo_list_image/public/promo-lists/bio-dyer-jay.jpg]
[www.utexas.edu/sites/default/files/styles/utexas_promo_list_image/public/promo-lists/carlos-martinez.jpg]
[www.utexas.edu/sites/default/files/styles/utexas_promo_list_image/public/promo-lists/susswein.jpg]
[www.utexas.edu/sites/default/files/sharon_wood.jpg]
[www.utexas.edu/sites/default/files/charles_martinez.jpg]
[www.utexas.edu/sites/default/files/doug_dempster.jpg]
[www.utexas.edu/sites/default/files/annhuffstevens.jpg]
[www.utexas.edu/sites/default/files/styles/utexas_promo_list_image/public/promo-lists/bio-goldbart-2018.jpg]
[www.utexas.edu/sites/default/files/mlynncrismon.jpg]
[www.utexas.edu/sites/default/files/styles/utexas_promo_list_image/public/promo-lists/mark-smith-bio-2017.jpg]
[www.utexas.edu/sites/default/files/claudia-mora.jpg]
[www.utexas.edu/sites/default/files/styles/utexas_promo_list_image/public/promo-lists/angelaevans.jpg]
[www.utexas.edu/sites/default/files/styles/utexas_promo_list_image/public/promo-lists/jayhartzell_promolist.jpg]
[www.utexas.edu/sites/default/files/styles/utexas_promo_list_image/public/promo-lists/jaybernhardt_promolist_0.jpg]
[www.utexas.edu/sites/default/files/styles/utexas_promo_list_image/public/addington.jpg]
[www.utexas.edu/sites/default/files/eric_meyer.jpg]
[www.utexas.edu/sites/default/files/styles/utexas_promo_list_image/public/promo-lists/wardfarnsworth_promolist_0.jpg]
[www.utexas.edu/sites/default/files/styles/utexas_promo_list_image/public/promo-lists/alexastuifbergen_promolist.jpg]
[www.utexas.edu/sites/default/files/luis_zayas.jpg]
[www.utexas.edu/sites/default/files/styles/utexas_promo_list_image/public/promo-lists/brentiverson_promolist_1.jpg]
[www.utexas.edu/about/leadership.html]
[www.utexas.edu/sites/default/files/styles/utexas_hero_photo_image/public/hero-photos/barbarajordanstatue_hero_05dc9.jpg]
[www.utexas.edu/sites/default/files/styles/utexas_flex_content_area_image/public/flex-content-areas/race_undergrad_023a54.jpg]
[www.utexas.edu/sites/default/files/styles/utexas_flex_content_area_image/public/flex-content-areas/race_grad_023e6a.jpg]
[www.utexas.edu/sites/default/files/styles/utexas_flex_content_area_image/public/flex-content-areas/race_faculty_02d719.jpg]
[www.utexas.edu/sites/default/files/styles/utexas_flex_content_area_image/public/flex-content-areas/gender_undergrad_02aa6b.jpg]
[www.utexas.edu/sites/default/files/styles/utexas_flex_content_area_image/public/flex-content-areas/gender_grad_02d4ee.jpg]
[www.utexas.edu/sites/default/files/styles/utexas_flex_content_area_image/public/flex-content-areas/gender_faculty_02c84d.jpg]
[www.utexas.edu/sites/default/files/styles/utexas_flex_content_area_image/public/flex-content-areas/residence_02af9d.jpg]
[www.utexas.edu/sites/default/files/styles/utexas_promo_unit_landscape_image/public/promo-images/mec_promounit95cd.jpg]
[www.utexas.edu/sites/default/files/styles/utexas_promo_unit_landscape_image/public/promo-images/oie_promounitab36.jpg]
[www.utexas.edu/sites/default/files/styles/utexas_promo_unit_landscape_image/public/promo-images/lgbtqcouncil780d.jpg]
[www.utexas.edu/sites/default/files/styles/utexas_promo_unit_landscape_image/public/promo-images/gsc_open_house_pictureabef.jpg]
[www.utexas.edu/sites/default/files/styles/utexas_promo_unit_landscape_image/public/promo-images/services-for-students-with-disability220-140df9f.jpg]
[www.utexas.edu/sites/default/files/styles/utexas_promo_unit_landscape_image/public/promo-images/longhorn-center-academic-excellence220-140295f.jpg]
[www.utexas.edu/sites/default/files/styles/utexas_promo_unit_landscape_image/public/promo-images/creed_co-chairs1950.jpg]
[www.utexas.edu/sites/default/files/styles/utexas_promo_unit_landscape_image/public/promo-images/gender-equity-council8f30.jpg]
[www.utexas.edu/sites/default/files/styles/utexas_promo_unit_landscape_image/public/promo-images/national-center-equity0d52.jpg]
[www.utexas.edu/sites/default/files/styles/utexas_flex_content_area_image/public/flex-content-areas/mlkdaysign_flexcontent9ad8.jpg]
[www.utexas.edu/sites/default/files/styles/utexas_flex_content_area_image/public/flex-content-areas/dei-web2fc7.jpg]
[www.utexas.edu/about/diversity.html]
[www.utexas.edu/sites/default/files/css/css_P2PFc7sOTIuswIHg9xKCaWVxsshAzHbimZABls3Kd88.css]
[www.utexas.edu/sites/default/files/styles/utexas_promo_list_image/public/promo-lists/factsfig-086c98.png]
[www.utexas.edu/sites/default/files/styles/utexas_promo_list_image/public/factsfig-07af80.png]
[www.utexas.edu/sites/default/files/styles/utexas_promo_list_image/public/factsfig-14ff8d.png]
[www.utexas.edu/sites/default/files/styles/utexas_promo_list_image/public/promo-lists/factsfig-325441.png]
[www.utexas.edu/sites/default/files/styles/utexas_promo_list_image/public/factsfig-31368a.png]
[www.utexas.edu/sites/default/files/styles/utexas_promo_list_image/public/factsfig-132de8.png]
[www.utexas.edu/sites/default/files/styles/utexas_promo_list_image/public/factsfig-368f77.png]
[www.utexas.edu/sites/default/files/styles/utexas_flex_content_area_image/public/flex-content-areas/general_flexcontentba9e.png]
[www.utexas.edu/sites/default/files/styles/utexas_flex_content_area_image/public/flex-content-areas/studentprofile_flexcontente612.png]
[www.utexas.edu/sites/default/files/styles/utexas_flex_content_area_image/public/flex-content-areas/academics_flexcontentb79f.png]
[www.utexas.edu/sites/default/files/styles/utexas_flex_content_area_image/public/flex-content-areas/campus_flexcontent1efc.png]
[www.utexas.edu/sites/default/files/styles/utexas_flex_content_area_image/public/flex-content-areas/research_flexcontent5577.png]
[www.utexas.edu/sites/default/files/styles/utexas_flex_content_area_image/public/flex-content-areas/athletics_flexcontent3bcf.png]
[www.utexas.edu/about/facts-and-figures.html]
[www.utexas.edu/sites/default/files/styles/utexas_hero_photo_image/public/header-tower-construction-from-19th-street-looking-up-university-avenue-university-of-texas-austin-texas-1937cf29.jpg]
[www-prod.its.utexas.edu/sites/default/files/ut-history-tx_constitution_preamble_a1s12x.jpg]
[www-prod.its.utexas.edu/sites/default/files/ut-history-ut_seal_stone2x.jpg]
[www-prod.its.utexas.edu/sites/default/files/ut-history-lbj_clements_strauss_at_lbj2x.jpg]
[www-prod.its.utexas.edu/sites/default/files/ut-history-santa_rita_ashbel_smith_cornerstone2x.jpg]
[www-prod.its.utexas.edu/sites/default/files/ut-history-tower_construction2x.jpg]
[www-prod.its.utexas.edu/sites/default/files/ut-history-aau-seal.png]
[www-prod.its.utexas.edu/sites/default/files/ut-history-walter_webb2x.jpg]
[www-prod.its.utexas.edu/sites/default/files/ut-history-frank_dobie2x_0.jpg]
[www-prod.its.utexas.edu/sites/default/files/ut-history-americo_paredes2x_0.jpg]
[www-prod.its.utexas.edu/sites/default/files/ut-history-hermann_muller2x.jpg]
[www-prod.its.utexas.edu/sites/default/files/ut-history-barbara_jordan2x_0.jpg]
[www-prod.its.utexas.edu/sites/default/files/ut-history-linda_schele2x.jpg]
[www-prod.its.utexas.edu/sites/default/files/ut-history-steven_weinberg2x.jpg]
[www-prod.its.utexas.edu/sites/default/files/ut-history-ilya_prigogine2x.jpg]
[www-prod.its.utexas.edu/sites/default/files/ut-history-tacc_frontera2x.jpg]
[www-prod.its.utexas.edu/sites/default/files/ut-history-heman_sweatt.jpg]
[www-prod.its.utexas.edu/sites/default/files/ut-history-fenves_supreme_court2x.jpg]
[www-prod.its.utexas.edu/sites/default/files/ut-history-ut_students.jpg]
[www-prod.its.utexas.edu/sites/default/files/ut-history-harry_ransom.jpg]
[www-prod.its.utexas.edu/sites/default/files/ut-history-frank_erwin.jpg]
[www-prod.its.utexas.edu/sites/default/files/ut-history-gutenberg_bible.jpg]
[www-prod.its.utexas.edu/sites/default/files/ut-history-student_protests_erwin.jpg]
[www-prod.its.utexas.edu/sites/default/files/ut-history_coach_royal2x.jpg]
[www-prod.its.utexas.edu/sites/default/files/ut-history-1906_downtown_austin_from_ut_tower2x.jpg]
[www-prod.its.utexas.edu/sites/default/files/ut-history-2019_downtown_austin_from_ut_tower2x_0.jpg]
[www-prod.its.utexas.edu/sites/default/files/ut-history-hlb_exterior_tim-support2x.jpg]
[www-prod.its.utexas.edu/sites/default/files/ut-history-dell_med_students.jpg]
[www-prod.its.utexas.edu/sites/default/files/ut-history-hdb_exterior_tim_support2x.jpg]
[www.utexas.edu/about/history.html]
[www.utexas.edu/sites/default/files/css/css_3QMKgXl3ZGe3_98JmHUznrBBaNe_iV7r4LwCSxCwhG8.css]
[www.utexas.edu/sites/default/files/styles/utexas_flex_content_area_image/public/ut-about-bevoe141.jpg]
[www.utexas.edu/sites/default/files/styles/utexas_flex_content_area_image/public/flex-content-areas/bigbertha_flexcontent5014.jpg]
[www.utexas.edu/sites/default/files/styles/utexas_flex_content_area_image/public/flex-content-areas/texasbandflags_flexcontent5baf.jpg]
[www.utexas.edu/sites/default/files/styles/utexas_flex_content_area_image/public/flex-content-areas/eyesoftexassoftball_flexcontent6cd9.jpg]
[www.utexas.edu/sites/default/files/styles/utexas_flex_content_area_image/public/flex-content-areas/hookem_flexcontent_1c38d.jpg]
[www.utexas.edu/sites/default/files/styles/utexas_flex_content_area_image/public/flex-content-areas/longhornband_flexcontentff04.jpg]
[www.utexas.edu/sites/default/files/styles/utexas_flex_content_area_image/public/flex-content-areas/longhorn-friday1d1d.jpg]
[www.utexas.edu/sites/default/files/styles/utexas_flex_content_area_image/public/flex-content-areas/texasfight_flexcontent392b.jpg]
[www.utexas.edu/about/longhorn-traditions.html]
[www.utexas.edu/sites/default/files/css/css_cB4U_qWg1qELE9Zb6WPeLD-hvDz4VjeLPZ3DOJWFhHU.css]
[www.utexas.edu/cola/progs/plan2/index.html]
[www.utexas.edu/ogs/index.html]
[www.utexas.edu/sites/default/files/css/css_DB7WGmTb_KKm-LN47cW_4RWhxim0pjH9xfBWAr9rAWc.css]
[www.utexas.edu/academic/mcw/program/index.html]
[www.utexas.edu/cola/index.html]
[www.utexas.edu/pharmacy/index.html]
[www.utexas.edu/lbj/index.html]
[www.utexas.edu/ugs/index.html]
[www.utexas.edu/academic/mcw/index.html]
[www.utexas.edu/cola/uteach/index.html]
[www.utexas.edu/sites/default/files/css/css_dRJ80-JfviZmqSSvCh3gBnzXzxRLgFKUKvgbKFXZL_Y.css]
[www.utexas.edu/cola/progs/winedale/index.html]
[www.utexas.edu/tmm/index.html]
[www.utexas.edu/tower/index.html]
[www.utexas.edu/sites/default/files/css/css_5K83A3ew5ic9T3AboEZAo0-Mmf44qCiBnOzLvs0UPOE.css]
[www.utexas.edu/sites/default/files/css/css_-A4T752bX9nodNR-76Pfiur7PGRtzOYDTWXbJBzR2Is.css]
[www.utexas.edu/hr/current/insurance/index.html]
[www.utexas.edu/hr/eap/index.html]
[www.utexas.edu/sites/default/files/css/css_6IJgojOsdR3bFY0GJov53CvW7Q11rMV8yqj2H00KSpI.css]
[www.utexas.edu/cdn-cgi/l/email-protection.html]
[www.utexas.edu/sites/default/files/css/css_mVRYrzhD5oBBkqkuLIGLiT5-npRf4qhZNFfPIn67uSg.css]
[www.utexas.edu/safety/bcal/index.html]
[www.utexas.edu/diversity/campus-culture/campus-climate-response-team/index.html]
[www.utexas.edu/safety/preparedness/index.html]
[www.utexas.edu/safety/ehs/index.html]
[www.utexas.edu/safety/fire/index.html]
[www.utexas.edu/sites/default/files/css/css_sigNsj2Z0-9mD15uToAIZmXoAkjV7WCbp-gOKEzpG_Q.css]
[www.utexas.edu/universityunions/events-and-entertainment/index.html]
[www.utexas.edu/research/eureka/index.html]
[www.utexas.edu/ogs/research/index.html]
[www.utexas.edu/cola/offices/index.html]
[www.utexas.edu/law/centers/index.html]
[www.utexas.edu/ssw/cswr/index.html]
[www.utexas.edu/cola/insts/ica/index.html]
[www.utexas.edu/cola/orgs/tarl/index.html]
[www.utexas.edu/research/cem/index.html]
[www.utexas.edu/research/ceer/index.html]
[www.utexas.edu/sites/default/files/css/css_hVELXqfkmsU7_PttS3UwYQ3J7t-hGU9AuQsCDTkyAEA.css]
[www.utexas.edu/sites/default/files/css/css_Wu8npAzy16WmnnnWKxpexfgsAryolGGaX6yO3GWA5bU.css]
[www.utexas.edu/sites/default/files/css/css_HJk2sp2TJCMWnLUOqHy52QCfHN0b9eySfwD341MHMDY.css]
[www.utexas.edu/sites/default/files/js/js_wrsUnUJeTsYsGM8i3riiTpcj8VAFvNxdmdZKMwxF31s.js]
[www.utexas.edu/sites/default/files/css/css_DHqkh7lOQCLF06v-s_ZXLdlOBaFldpZVIqyhaE9AN9M.css]
[www.utexas.edu/emergency/index.html]
[www.utexas.edu/sites/default/files/css/css_X4-XvfH9MyOAnrSQPjmLspYzrmgSloWkam3LjynjL5s.css]
[www.utexas.edu/hr/current/retirement/index.html]
[www.utexas.edu/cio/index.html]
[www.utexas.edu/about-this-site.html]
[www.utexas.edu/compact-with-texans.html]
[www.utexas.edu/trademarks/index.html]
[www.utexas.edu/has_js=1; path=]
[www.utexas.edu/has_js=1; path=/index.html]
[www.utexas.edu/sites/default/files/css/css_bi8q_X2h09r9lTIBNO9_lPsiBtmkHI_SBZLyLTlmnFo.css]
[www.utexas.edu/sites/default/files/css/css_P2PFc7sOTIuswIHg9xKCaWVxsshAzHbimZABls3Kd88.css]
[www.utexas.edu/sites/default/files/css/css_3QMKgXl3ZGe3_98JmHUznrBBaNe_iV7r4LwCSxCwhG8.css]
[www.utexas.edu/has_js=1; path=.html]
